Sourcing NuOscillator
Sourcing MaCh3 Core
Sourcing NuOscillator
[INFO] Start making splines
[INFO] Using configs:
[Monitor.cpp][info] ##################################
[Monitor.cpp][info] Welcome to:  
[Monitor.cpp][info]   __  __        _____ _     ____  
[Monitor.cpp][info]  |  \/  |      / ____| |   |___ \ 
[Monitor.cpp][info]  | \  / | __ _| |    | |__   __) |
[Monitor.cpp][info]  | |\/| |/ _` | |    | '_ \ |__ < 
[Monitor.cpp][info]  | |  | | (_| | |____| | | |___) |
[Monitor.cpp][info]  |_|  |_|\__,_|\_____|_| |_|____/ 
[Monitor.cpp][info] Version: 2.4.2
[Monitor.cpp][info] ##################################
[Monitor.cpp][info] Using following CPU:
[Monitor.cpp][info] model name	: AMD EPYC 9654 96-Core Processor
[Monitor.cpp][info] cpu MHz		: 1997.065
[Monitor.cpp][info] Architecture:        x86_64
[Monitor.cpp][info] L1d cache:           32K
[Monitor.cpp][info] L1i cache:           32K
[Monitor.cpp][info] L2 cache:            1024K
[Monitor.cpp][info] L3 cache:            32768K
[Monitor.cpp][info] Thread(s) per core:  1
[Monitor.cpp][info] CPU(s):              192
[Monitor.cpp][info] With available threads                8
[Manager.cpp][info] Setting config to be: unknown
[Manager.cpp][info] Config is now: 
[Monitor.cpp][info] General:
[Monitor.cpp][info]   OutputFile: EventRate2.root
[Monitor.cpp][info]   DUNESamples:
[Monitor.cpp][info]     - /scratch/abipeake/MaCh3DUNE_LukesVersion/MaCh3_DUNE/Configs/BeamOffAxis/Samples/Onaxis_1Dsmaller.yaml
[Monitor.cpp][info]   OscillationParameters: []
[Monitor.cpp][info]   Systematics: []
[Monitor.cpp][info]   MCMC:
[Monitor.cpp][info]     NSteps: 100000
[Monitor.cpp][info]     AutoSave: 10000
[Monitor.cpp][info]     BurnInSteps: 0
[Monitor.cpp][info]   ProcessMCMC: No
[Monitor.cpp][info]   Seed: 0
[Monitor.cpp][info]   Debug: Yes
[MaCh3DUNEFactory.cpp][info] cov xsec setup
[MaCh3DUNEFactory.cpp][info] ------------------------------
[MaCh3DUNEFactory.cpp][info] -------------------------------------------------------------------
[MaCh3DUNEFactory.cpp][info] Loading DUNE samples..
[Manager.cpp][info] Setting config to be: /scratch/abipeake/MaCh3DUNE_LukesVersion/MaCh3_DUNE/Configs/BeamOffAxis/Samples/Onaxis_1Dsmaller.yaml
[Manager.cpp][info] Config is now: 
[Monitor.cpp][info] SampleHandlerName: OffAxisND
[Monitor.cpp][info] SampleType: OffAxisND
[Monitor.cpp][info] MaCh3ModeConfig: Configs/CovObjs/MaCh3Modes_GENIE.yaml
[Monitor.cpp][info] BinningFile: Configs/TutorialConfigs/TutorialBinning.yaml
[Monitor.cpp][info] InputFiles: ~
[Monitor.cpp][info] CovarianceMatrix: []
[Monitor.cpp][info] Samples: [OnAxis_numuCC_numode]
[Monitor.cpp][info] OnAxis_numuCC_numode:
[Monitor.cpp][info]   SampleTitle: OnAxis_numuCC_numode
[Monitor.cpp][info]   POT: 1.10e+21
[Monitor.cpp][info]   is_numode: True
[Monitor.cpp][info]   SelectionCuts:
[Monitor.cpp][info]     - KinematicStr: IsCC
[Monitor.cpp][info]       Bounds: [0.5, 1.5]
[Monitor.cpp][info]     - KinematicStr: RecoNumu
[Monitor.cpp][info]       Bounds: [0.9, 1.1]
[Monitor.cpp][info]     - KinematicStr: RecoNeutrinoEnergy
[Monitor.cpp][info]       Bounds: [0.1, 9999]
[Monitor.cpp][info]   Binning:
[Monitor.cpp][info]     VarStr: [RecoNeutrinoEnergy, ELepRec]
[Monitor.cpp][info]     VarBins: [[0, 0.5, 0.75, 1, 1.25, 1.5, 1.75, 2, 2.2, 2.4, 2.6, 2.8, 3, 3.25, 3.5, 3.75, 4, 4.5, 5, 6, 7, 8, 10], [0, 0.5, 0.75, 1, 1.25, 1.5, 1.75, 2, 2.2, 2.4, 2.6, 2.8, 3, 3.25, 3.5, 3.75, 4, 4.5, 5, 6, 8, 10]]
[Monitor.cpp][info]     Uniform: true
[Monitor.cpp][info]   InputFiles:
[Monitor.cpp][info]     mtupleprefix: /project/rpp-nilic/abipeake/PRISM_CAFs/FHC/
[Monitor.cpp][info]     mtuplesuffix: _FHC.root
[Monitor.cpp][info]     splineprefix: OnAxis_numuCC_numode_splines
[Monitor.cpp][info]     splinesuffix: .root
[Monitor.cpp][info]   SubSamples:
[Monitor.cpp][info]     - Name: OnAxis_numuCC_numode1
[Monitor.cpp][info]       LatexName: On Axis Numu CC Neutrino Mode
[Monitor.cpp][info]       mtuplefile: CAFv7_0m_13*
[Monitor.cpp][info]       splinefile: ""
[SampleHandlerFD.cpp][info] -------------------------------------------------------------------
[SampleHandlerFD.cpp][info] Creating SampleHandlerFD object
[SampleHandlerFD.cpp][warning] You've passed me a nullptr ParameterHandler so I will not use any xsec parameters
[Manager.cpp][info] Setting config to be: /scratch/abipeake/MaCh3DUNE_LukesVersion/MaCh3_DUNE/Configs/BeamOffAxis/Samples/Onaxis_1Dsmaller.yaml
[Manager.cpp][info] Config is now: 
[Monitor.cpp][info] SampleHandlerName: OffAxisND
[Monitor.cpp][info] SampleType: OffAxisND
[Monitor.cpp][info] MaCh3ModeConfig: Configs/CovObjs/MaCh3Modes_GENIE.yaml
[Monitor.cpp][info] BinningFile: Configs/TutorialConfigs/TutorialBinning.yaml
[Monitor.cpp][info] InputFiles: ~
[Monitor.cpp][info] CovarianceMatrix: []
[Monitor.cpp][info] Samples: [OnAxis_numuCC_numode]
[Monitor.cpp][info] OnAxis_numuCC_numode:
[Monitor.cpp][info]   SampleTitle: OnAxis_numuCC_numode
[Monitor.cpp][info]   POT: 1.10e+21
[Monitor.cpp][info]   is_numode: True
[Monitor.cpp][info]   SelectionCuts:
[Monitor.cpp][info]     - KinematicStr: IsCC
[Monitor.cpp][info]       Bounds: [0.5, 1.5]
[Monitor.cpp][info]     - KinematicStr: RecoNumu
[Monitor.cpp][info]       Bounds: [0.9, 1.1]
[Monitor.cpp][info]     - KinematicStr: RecoNeutrinoEnergy
[Monitor.cpp][info]       Bounds: [0.1, 9999]
[Monitor.cpp][info]   Binning:
[Monitor.cpp][info]     VarStr: [RecoNeutrinoEnergy, ELepRec]
[Monitor.cpp][info]     VarBins: [[0, 0.5, 0.75, 1, 1.25, 1.5, 1.75, 2, 2.2, 2.4, 2.6, 2.8, 3, 3.25, 3.5, 3.75, 4, 4.5, 5, 6, 7, 8, 10], [0, 0.5, 0.75, 1, 1.25, 1.5, 1.75, 2, 2.2, 2.4, 2.6, 2.8, 3, 3.25, 3.5, 3.75, 4, 4.5, 5, 6, 8, 10]]
[Monitor.cpp][info]     Uniform: true
[Monitor.cpp][info]   InputFiles:
[Monitor.cpp][info]     mtupleprefix: /project/rpp-nilic/abipeake/PRISM_CAFs/FHC/
[Monitor.cpp][info]     mtuplesuffix: _FHC.root
[Monitor.cpp][info]     splineprefix: OnAxis_numuCC_numode_splines
[Monitor.cpp][info]     splinesuffix: .root
[Monitor.cpp][info]   SubSamples:
[Monitor.cpp][info]     - Name: OnAxis_numuCC_numode1
[Monitor.cpp][info]       LatexName: On Axis Numu CC Neutrino Mode
[Monitor.cpp][info]       mtuplefile: CAFv7_0m_13*
[Monitor.cpp][info]       splinefile: ""
[MaCh3Modes.cpp][info] Printing MaCh3 Modes Called: DUNE Interaction modes
[MaCh3Modes.cpp][info] ========================================================================
[MaCh3Modes.cpp][info] #     |  Name                 |  FancyName            |  GENIE Modes                   
[MaCh3Modes.cpp][info] ------------------------------------------------------------------------
[MaCh3Modes.cpp][info] 0     |  CCQE                 |  CCQE                 |  1                             
[MaCh3Modes.cpp][info] 1     |  CC1Kaon              |  CC1Kaon              |  2                             
[MaCh3Modes.cpp][info] 2     |  CCDIS                |  CCDIS                |  3                             
[MaCh3Modes.cpp][info] 3     |  CCRES                |  CCRES                |  4                             
[MaCh3Modes.cpp][info] 4     |  CCCOH                |  CCCOH                |  5                             
[MaCh3Modes.cpp][info] 5     |  CCDiff               |  CCDiff               |  6                             
[MaCh3Modes.cpp][info] 6     |  CCNuEl               |  CCNuEl               |  7                             
[MaCh3Modes.cpp][info] 7     |  CCIMD                |  CCIMD                |  8                             
[MaCh3Modes.cpp][info] 8     |  CCAnuGam             |  CCAnuGam             |  9                             
[MaCh3Modes.cpp][info] 9     |  CCMEC                |  CCMEC                |  10                            
[MaCh3Modes.cpp][info] 10    |  CCCOHEL              |  CCCOHEL              |  11                            
[MaCh3Modes.cpp][info] 11    |  CCIBD                |  CCIBD                |  12                            
[MaCh3Modes.cpp][info] 12    |  CCGlRES              |  CCGlRES              |  13                            
[MaCh3Modes.cpp][info] 13    |  CCIMDAnn             |  CCIMDAnn             |  14                            
[MaCh3Modes.cpp][info] 14    |  NCQE                 |  NCQE                 |  15                            
[MaCh3Modes.cpp][info] 15    |  NCDIS                |  NCDIS                |  17                            
[MaCh3Modes.cpp][info] 16    |  NCRES                |  NCRES                |  18                            
[MaCh3Modes.cpp][info] 17    |  NCCOH                |  NCCOH                |  19                            
[MaCh3Modes.cpp][info] 18    |  NCDiff               |  NCDiff               |  20                            
[MaCh3Modes.cpp][info] 19    |  NCNuEl               |  NCNuEl               |  21                            
[MaCh3Modes.cpp][info] 20    |  NCIMD                |  NCIMD                |  22                            
[MaCh3Modes.cpp][info] 21    |  NCAnuGam             |  NCAnuGam             |  23                            
[MaCh3Modes.cpp][info] 22    |  NCMEC                |  NCMEC                |  24                            
[MaCh3Modes.cpp][info] 23    |  NCCOHEL              |  NCCOHEL              |  25                            
[MaCh3Modes.cpp][info] 24    |  NCIBD                |  NCIBD                |  26                            
[MaCh3Modes.cpp][info] 25    |  NCGlRES              |  NCGlRES              |  27                            
[MaCh3Modes.cpp][info] 26    |  NCIMDAnn             |  NCIMDAnn             |  28                            
[MaCh3Modes.cpp][info] ========================================================================
[MaCh3Modes.cpp][info] ==========================
[MaCh3Modes.cpp][info] GENIE Modes |  Name                          
[MaCh3Modes.cpp][info] --------------------------
[MaCh3Modes.cpp][info] 0          |  UNKNOWN_BAD                   
[MaCh3Modes.cpp][info] 1          |  CCQE                          
[MaCh3Modes.cpp][info] 2          |  CC1Kaon                       
[MaCh3Modes.cpp][info] 3          |  CCDIS                         
[MaCh3Modes.cpp][info] 4          |  CCRES                         
[MaCh3Modes.cpp][info] 5          |  CCCOH                         
[MaCh3Modes.cpp][info] 6          |  CCDiff                        
[MaCh3Modes.cpp][info] 7          |  CCNuEl                        
[MaCh3Modes.cpp][info] 8          |  CCIMD                         
[MaCh3Modes.cpp][info] 9          |  CCAnuGam                      
[MaCh3Modes.cpp][info] 10         |  CCMEC                         
[MaCh3Modes.cpp][info] 11         |  CCCOHEL                       
[MaCh3Modes.cpp][info] 12         |  CCIBD                         
[MaCh3Modes.cpp][info] 13         |  CCGlRES                       
[MaCh3Modes.cpp][info] 14         |  CCIMDAnn                      
[MaCh3Modes.cpp][info] 15         |  NCQE                          
[MaCh3Modes.cpp][info] 16         |  UNKNOWN_BAD                   
[MaCh3Modes.cpp][info] 17         |  NCDIS                         
[MaCh3Modes.cpp][info] 18         |  NCRES                         
[MaCh3Modes.cpp][info] 19         |  NCCOH                         
[MaCh3Modes.cpp][info] 20         |  NCDiff                        
[MaCh3Modes.cpp][info] 21         |  NCNuEl                        
[MaCh3Modes.cpp][info] 22         |  NCIMD                         
[MaCh3Modes.cpp][info] 23         |  NCAnuGam                      
[MaCh3Modes.cpp][info] 24         |  NCMEC                         
[MaCh3Modes.cpp][info] 25         |  NCCOHEL                       
[MaCh3Modes.cpp][info] 26         |  NCIBD                         
[MaCh3Modes.cpp][info] 27         |  NCGlRES                       
[MaCh3Modes.cpp][info] 28         |  NCIMDAnn                      
[MaCh3Modes.cpp][info] ==========================
[Manager.cpp][warning] Didn't find a TestStatistic specified
[Manager.cpp][warning] Defaulting to using a Poisson likelihood
[BinningHandler.cpp][info] Setting up Sample Binning
[SampleStructs.h][info] 0-Dim Binning: [0.00, 0.50, 0.75, 1.00, 1.25, 1.50, 1.75, 2.00, 2.20, 2.40, 2.60, 2.80, 3.00, 3.25, 3.50, 3.75, 4.00, 4.50, 5.00, 6.00, 7.00, 8.00, 10.00]
[SampleStructs.h][info] 1-Dim Binning: [0.00, 0.50, 0.75, 1.00, 1.25, 1.50, 1.75, 2.00, 2.20, 2.40, 2.60, 2.80, 3.00, 3.25, 3.50, 3.75, 4.00, 4.50, 5.00, 6.00, 8.00, 10.00]
[SampleHandlerFD.cpp][info] Adding cut on IsCC with bounds 0.5 to 1.5
[SampleHandlerFD.cpp][info] Adding cut on RecoNumu with bounds 0.9 to 1.1
[SampleHandlerFD.cpp][info] Adding cut on RecoNeutrinoEnergy with bounds 0.1 to 9999
[SampleHandlerFD.cpp][info]   Nominal mode weights to apply: 
[SampleHandlerFD.cpp][info]     - CCQE: 1
[SampleHandlerFD.cpp][info]     - CC1Kaon: 1
[SampleHandlerFD.cpp][info]     - CCDIS: 1
[SampleHandlerFD.cpp][info]     - CCRES: 1
[SampleHandlerFD.cpp][info]     - CCCOH: 1
[SampleHandlerFD.cpp][info]     - CCDiff: 1
[SampleHandlerFD.cpp][info]     - CCNuEl: 1
[SampleHandlerFD.cpp][info]     - CCIMD: 1
[SampleHandlerFD.cpp][info]     - CCAnuGam: 1
[SampleHandlerFD.cpp][info]     - CCMEC: 1
[SampleHandlerFD.cpp][info]     - CCCOHEL: 1
[SampleHandlerFD.cpp][info]     - CCIBD: 1
[SampleHandlerFD.cpp][info]     - CCGlRES: 1
[SampleHandlerFD.cpp][info]     - CCIMDAnn: 1
[SampleHandlerFD.cpp][info]     - NCQE: 1
[SampleHandlerFD.cpp][info]     - NCDIS: 1
[SampleHandlerFD.cpp][info]     - NCRES: 1
[SampleHandlerFD.cpp][info]     - NCCOH: 1
[SampleHandlerFD.cpp][info]     - NCDiff: 1
[SampleHandlerFD.cpp][info]     - NCNuEl: 1
[SampleHandlerFD.cpp][info]     - NCIMD: 1
[SampleHandlerFD.cpp][info]     - NCAnuGam: 1
[SampleHandlerFD.cpp][info]     - NCMEC: 1
[SampleHandlerFD.cpp][info]     - NCCOHEL: 1
[SampleHandlerFD.cpp][info]     - NCIBD: 1
[SampleHandlerFD.cpp][info]     - NCGlRES: 1
[SampleHandlerFD.cpp][info]     - NCIMDAnn: 1
[SampleHandlerBeamOffAxis.cpp][info] -------------------------------------------------------------------
[SampleHandlerBeamOffAxis.cpp][info] -- subsample[0]: OnAxis_numuCC_numode 
[SampleHandlerBeamOffAxis.cpp][info] -- -- Adding file to TChain: /project/rpp-nilic/abipeake/PRISM_CAFs/FHC/CAFv7_0m_13*_FHC.root
[SampleHandlerFD.cpp][info] =============================================
[SampleHandlerFD.cpp][info] Total number of events is: 1184380
[SampleHandlerFD.cpp][info] Setting up Sample Binning..
[SampleHandlerFD.cpp][info] Setting up Splines..
[SampleHandlerFD.cpp][info] Setting up Normalisation Pointers..
[SampleHandlerFD.cpp][info] Setting up Functional Pointers..
[SampleHandlerFD.cpp][info] Setting up Additional Weight Pointers..
[SampleHandlerFD.cpp][info] Setting up Kinematic Map..
[SampleHandlerFD.cpp][info] Finished loading MC for OffAxisND, it took 12.17s to finish
[SampleHandlerFD.cpp][info] =======================================================
Making Binned Weights for Sample: OffAxisND/OnAxis_numuCC_numode
[Utility.cpp][info] Adding file to TChains: /project/rpp-nilic/abipeake/PRISM_CAFs/FHC/CAFv7_0m_13*_FHC.root
[Utility.cpp][info] Number of entries in CAF TChain: 1184380
Event: 0
	truth.nu.e=2.81547 truth.lep.e=1.73801 TrueEbin=8
	RecoNeutrinoEnergy=2.47633, xbin=10
	ELepRec=1.81493, ybin=7
Event: 2
	truth.nu.e=0.537303 truth.lep.e=0.363957 TrueEbin=0
	RecoNeutrinoEnergy=0.48845, xbin=1
	ELepRec=0.385361, ybin=1
Event: 3
	truth.nu.e=2.19235 truth.lep.e=1.4896 TrueEbin=5
	RecoNeutrinoEnergy=2.04113, xbin=8
	ELepRec=1.45296, ybin=5
Event: 4
	truth.nu.e=0.845213 truth.lep.e=0.723886 TrueEbin=0
	RecoNeutrinoEnergy=0.846931, xbin=3
	ELepRec=0.80057, ybin=3
Event: 5
	truth.nu.e=3.51602 truth.lep.e=2.12737 TrueEbin=11
	RecoNeutrinoEnergy=3.18905, xbin=13
	ELepRec=2.21308, ybin=9
Event: 6
	truth.nu.e=2.023 truth.lep.e=1.98276 TrueEbin=5
	RecoNeutrinoEnergy=1.98427, xbin=7
	ELepRec=1.94849, ybin=7
Event: 7
	truth.nu.e=3.02042 truth.lep.e=2.97766 TrueEbin=9
	RecoNeutrinoEnergy=2.98058, xbin=12
	ELepRec=2.95048, ybin=12
Event: 8
	truth.nu.e=5.64888 truth.lep.e=5.53065 TrueEbin=14
	RecoNeutrinoEnergy=5.46342, xbin=19
	ELepRec=5.44366, ybin=19
Event: 9
	truth.nu.e=3.0334 truth.lep.e=2.33357 TrueEbin=9
	RecoNeutrinoEnergy=2.76979, xbin=11
	ELepRec=2.30281, ybin=9
[INFO] Finished
