The following modules were not unloaded:
  (Use "module --force purge" to unload all):

  1) CCconfig        6)  ucx/1.14.1         11) flexiblas/3.3.1
  2) gentoo/2023     7)  libfabric/1.18.0   12) aocl-blas/5.1
  3) gcccore/.12.3   8)  pmix/4.2.4         13) aocl-lapack/5.1
  4) gcc/12.3        9)  ucc/1.2.0          14) StdEnv/2023
  5) hwloc/2.9.1     10) openmpi/4.1.5

The following have been reloaded with a version change:
  1) StdEnv/2023 => StdEnv/2020
  2) flexiblas/3.3.1 => flexiblas/3.0.4
  3) gcc/12.3 => gcc/9.3.0
  4) gcccore/.12.3 => gcccore/.9.3.0
  5) gentoo/2023 => gentoo/2020
  6) libfabric/1.18.0 => libfabric/1.10.1
  7) openmpi/4.1.5 => openmpi/4.0.3
  8) ucx/1.14.1 => ucx/1.8.0

-------------------------------------------------------------------------------
There are messages associated with the following module(s):
-------------------------------------------------------------------------------

python/3.9.6:
   Python wheels built with these versions of python may not support H100
   GPUs or more recent. We recommend using a version of python provided
   under StdEnv/2023 Les paquets python construits avec ces versions de
   python ne sont pas compatibles avec les GPUs H100 ou plus récents. Nous
   vous recommendons d'utiliser une version de python fournie sous
   StdEnv/2023

-------------------------------------------------------------------------------Warning in <TFile::Init>: file /scratch/abipeake/March2026/Easter_finerxsecbinning_sat11ththapril_robbinsmonroemore_postadaptive/Easter_finerxsecbinning_sat11ththapril_robbinsmonroemore_postadaptive_chain_0_job_0.root probably not closed, trying to recover
Info in <TFile::Recover>: /scratch/abipeake/March2026/Easter_finerxsecbinning_sat11ththapril_robbinsmonroemore_postadaptive/Easter_finerxsecbinning_sat11ththapril_robbinsmonroemore_postadaptive_chain_0_job_0.root, recovered key TDirectoryFile:CovarianceFolder at address 568
Info in <TFile::Recover>: /scratch/abipeake/March2026/Easter_finerxsecbinning_sat11ththapril_robbinsmonroemore_postadaptive/Easter_finerxsecbinning_sat11ththapril_robbinsmonroemore_postadaptive_chain_0_job_0.root, recovered key TDirectoryFile:SampleFolder at address 699
Info in <TFile::Recover>: /scratch/abipeake/March2026/Easter_finerxsecbinning_sat11ththapril_robbinsmonroemore_postadaptive/Easter_finerxsecbinning_sat11ththapril_robbinsmonroemore_postadaptive_chain_0_job_0.root, recovered key TDirectoryFile:MaCh3Engine at address 74613
Info in <TFile::Recover>: /scratch/abipeake/March2026/Easter_finerxsecbinning_sat11ththapril_robbinsmonroemore_postadaptive/Easter_finerxsecbinning_sat11ththapril_robbinsmonroemore_postadaptive_chain_0_job_0.root, recovered key TMacro:MaCh3_Config at address 77016
Info in <TFile::Recover>: /scratch/abipeake/March2026/Easter_finerxsecbinning_sat11ththapril_robbinsmonroemore_postadaptive/Easter_finerxsecbinning_sat11ththapril_robbinsmonroemore_postadaptive_chain_0_job_0.root, recovered key TTree:Settings at address 78305
Info in <TFile::Recover>: /scratch/abipeake/March2026/Easter_finerxsecbinning_sat11ththapril_robbinsmonroemore_postadaptive/Easter_finerxsecbinning_sat11ththapril_robbinsmonroemore_postadaptive_chain_0_job_0.root, recovered key TTree:posteriors at address 40419073
Warning in <TFile::Init>: successfully recovered 6 keys
Warning in <TFile::Init>: file /scratch/abipeake/March2026/Easter_finerxsecbinning_sat11ththapril_robbinsmonroemore_postadaptive/Easter_finerxsecbinning_sat11ththapril_robbinsmonroemore_postadaptive_chain_0_job_0.root probably not closed, trying to recover
Info in <TFile::Recover>: /scratch/abipeake/March2026/Easter_finerxsecbinning_sat11ththapril_robbinsmonroemore_postadaptive/Easter_finerxsecbinning_sat11ththapril_robbinsmonroemore_postadaptive_chain_0_job_0.root, recovered key TDirectoryFile:CovarianceFolder at address 568
Info in <TFile::Recover>: /scratch/abipeake/March2026/Easter_finerxsecbinning_sat11ththapril_robbinsmonroemore_postadaptive/Easter_finerxsecbinning_sat11ththapril_robbinsmonroemore_postadaptive_chain_0_job_0.root, recovered key TDirectoryFile:SampleFolder at address 699
Info in <TFile::Recover>: /scratch/abipeake/March2026/Easter_finerxsecbinning_sat11ththapril_robbinsmonroemore_postadaptive/Easter_finerxsecbinning_sat11ththapril_robbinsmonroemore_postadaptive_chain_0_job_0.root, recovered key TDirectoryFile:MaCh3Engine at address 74613
Info in <TFile::Recover>: /scratch/abipeake/March2026/Easter_finerxsecbinning_sat11ththapril_robbinsmonroemore_postadaptive/Easter_finerxsecbinning_sat11ththapril_robbinsmonroemore_postadaptive_chain_0_job_0.root, recovered key TMacro:MaCh3_Config at address 77016
Info in <TFile::Recover>: /scratch/abipeake/March2026/Easter_finerxsecbinning_sat11ththapril_robbinsmonroemore_postadaptive/Easter_finerxsecbinning_sat11ththapril_robbinsmonroemore_postadaptive_chain_0_job_0.root, recovered key TTree:Settings at address 78305
Info in <TFile::Recover>: /scratch/abipeake/March2026/Easter_finerxsecbinning_sat11ththapril_robbinsmonroemore_postadaptive/Easter_finerxsecbinning_sat11ththapril_robbinsmonroemore_postadaptive_chain_0_job_0.root, recovered key TTree:posteriors at address 40419073
Warning in <TFile::Init>: successfully recovered 6 keys
Warning in <TFile::Init>: file /scratch/abipeake/March2026/Easter_finerxsecbinning_sat11ththapril_robbinsmonroemore_postadaptive/Easter_finerxsecbinning_sat11ththapril_robbinsmonroemore_postadaptive_chain_0_job_0.root probably not closed, trying to recover
Info in <TFile::Recover>: /scratch/abipeake/March2026/Easter_finerxsecbinning_sat11ththapril_robbinsmonroemore_postadaptive/Easter_finerxsecbinning_sat11ththapril_robbinsmonroemore_postadaptive_chain_0_job_0.root, recovered key TDirectoryFile:CovarianceFolder at address 568
Info in <TFile::Recover>: /scratch/abipeake/March2026/Easter_finerxsecbinning_sat11ththapril_robbinsmonroemore_postadaptive/Easter_finerxsecbinning_sat11ththapril_robbinsmonroemore_postadaptive_chain_0_job_0.root, recovered key TDirectoryFile:SampleFolder at address 699
Info in <TFile::Recover>: /scratch/abipeake/March2026/Easter_finerxsecbinning_sat11ththapril_robbinsmonroemore_postadaptive/Easter_finerxsecbinning_sat11ththapril_robbinsmonroemore_postadaptive_chain_0_job_0.root, recovered key TDirectoryFile:MaCh3Engine at address 74613
Info in <TFile::Recover>: /scratch/abipeake/March2026/Easter_finerxsecbinning_sat11ththapril_robbinsmonroemore_postadaptive/Easter_finerxsecbinning_sat11ththapril_robbinsmonroemore_postadaptive_chain_0_job_0.root, recovered key TMacro:MaCh3_Config at address 77016
Info in <TFile::Recover>: /scratch/abipeake/March2026/Easter_finerxsecbinning_sat11ththapril_robbinsmonroemore_postadaptive/Easter_finerxsecbinning_sat11ththapril_robbinsmonroemore_postadaptive_chain_0_job_0.root, recovered key TTree:Settings at address 78305
Info in <TFile::Recover>: /scratch/abipeake/March2026/Easter_finerxsecbinning_sat11ththapril_robbinsmonroemore_postadaptive/Easter_finerxsecbinning_sat11ththapril_robbinsmonroemore_postadaptive_chain_0_job_0.root, recovered key TTree:posteriors at address 40419073
Warning in <TFile::Init>: successfully recovered 6 keys
Warning in <TFile::Init>: file /scratch/abipeake/March2026/Easter_finerxsecbinning_sat11ththapril_robbinsmonroemore_postadaptive/Easter_finerxsecbinning_sat11ththapril_robbinsmonroemore_postadaptive_chain_0_job_0.root probably not closed, trying to recover
Info in <TFile::Recover>: /scratch/abipeake/March2026/Easter_finerxsecbinning_sat11ththapril_robbinsmonroemore_postadaptive/Easter_finerxsecbinning_sat11ththapril_robbinsmonroemore_postadaptive_chain_0_job_0.root, recovered key TDirectoryFile:CovarianceFolder at address 568
Info in <TFile::Recover>: /scratch/abipeake/March2026/Easter_finerxsecbinning_sat11ththapril_robbinsmonroemore_postadaptive/Easter_finerxsecbinning_sat11ththapril_robbinsmonroemore_postadaptive_chain_0_job_0.root, recovered key TDirectoryFile:SampleFolder at address 699
Info in <TFile::Recover>: /scratch/abipeake/March2026/Easter_finerxsecbinning_sat11ththapril_robbinsmonroemore_postadaptive/Easter_finerxsecbinning_sat11ththapril_robbinsmonroemore_postadaptive_chain_0_job_0.root, recovered key TDirectoryFile:MaCh3Engine at address 74613
Info in <TFile::Recover>: /scratch/abipeake/March2026/Easter_finerxsecbinning_sat11ththapril_robbinsmonroemore_postadaptive/Easter_finerxsecbinning_sat11ththapril_robbinsmonroemore_postadaptive_chain_0_job_0.root, recovered key TMacro:MaCh3_Config at address 77016
Info in <TFile::Recover>: /scratch/abipeake/March2026/Easter_finerxsecbinning_sat11ththapril_robbinsmonroemore_postadaptive/Easter_finerxsecbinning_sat11ththapril_robbinsmonroemore_postadaptive_chain_0_job_0.root, recovered key TTree:Settings at address 78305
Info in <TFile::Recover>: /scratch/abipeake/March2026/Easter_finerxsecbinning_sat11ththapril_robbinsmonroemore_postadaptive/Easter_finerxsecbinning_sat11ththapril_robbinsmonroemore_postadaptive_chain_0_job_0.root, recovered key TTree:posteriors at address 110085247
Warning in <TFile::Init>: successfully recovered 6 keys
Warning in <TFile::Init>: file /scratch/abipeake/March2026/Easter_finerxsecbinning_sat11ththapril_robbinsmonroemore_postadaptive/Easter_finerxsecbinning_sat11ththapril_robbinsmonroemore_postadaptive_chain_0_job_0.root probably not closed, trying to recover
Info in <TFile::Recover>: /scratch/abipeake/March2026/Easter_finerxsecbinning_sat11ththapril_robbinsmonroemore_postadaptive/Easter_finerxsecbinning_sat11ththapril_robbinsmonroemore_postadaptive_chain_0_job_0.root, recovered key TDirectoryFile:CovarianceFolder at address 568
Info in <TFile::Recover>: /scratch/abipeake/March2026/Easter_finerxsecbinning_sat11ththapril_robbinsmonroemore_postadaptive/Easter_finerxsecbinning_sat11ththapril_robbinsmonroemore_postadaptive_chain_0_job_0.root, recovered key TDirectoryFile:SampleFolder at address 699
Info in <TFile::Recover>: /scratch/abipeake/March2026/Easter_finerxsecbinning_sat11ththapril_robbinsmonroemore_postadaptive/Easter_finerxsecbinning_sat11ththapril_robbinsmonroemore_postadaptive_chain_0_job_0.root, recovered key TDirectoryFile:MaCh3Engine at address 74613
Info in <TFile::Recover>: /scratch/abipeake/March2026/Easter_finerxsecbinning_sat11ththapril_robbinsmonroemore_postadaptive/Easter_finerxsecbinning_sat11ththapril_robbinsmonroemore_postadaptive_chain_0_job_0.root, recovered key TMacro:MaCh3_Config at address 77016
Info in <TFile::Recover>: /scratch/abipeake/March2026/Easter_finerxsecbinning_sat11ththapril_robbinsmonroemore_postadaptive/Easter_finerxsecbinning_sat11ththapril_robbinsmonroemore_postadaptive_chain_0_job_0.root, recovered key TTree:Settings at address 78305
Info in <TFile::Recover>: /scratch/abipeake/March2026/Easter_finerxsecbinning_sat11ththapril_robbinsmonroemore_postadaptive/Easter_finerxsecbinning_sat11ththapril_robbinsmonroemore_postadaptive_chain_0_job_0.root, recovered key TTree:posteriors at address 110085247
Warning in <TFile::Init>: successfully recovered 6 keys
Warning in <TFile::Init>: file /scratch/abipeake/March2026/Easter_finerxsecbinning_sat11ththapril_robbinsmonroemore_postadaptive/Easter_finerxsecbinning_sat11ththapril_robbinsmonroemore_postadaptive_chain_0_job_0.root probably not closed, trying to recover
Info in <TFile::Recover>: /scratch/abipeake/March2026/Easter_finerxsecbinning_sat11ththapril_robbinsmonroemore_postadaptive/Easter_finerxsecbinning_sat11ththapril_robbinsmonroemore_postadaptive_chain_0_job_0.root, recovered key TDirectoryFile:CovarianceFolder at address 568
Info in <TFile::Recover>: /scratch/abipeake/March2026/Easter_finerxsecbinning_sat11ththapril_robbinsmonroemore_postadaptive/Easter_finerxsecbinning_sat11ththapril_robbinsmonroemore_postadaptive_chain_0_job_0.root, recovered key TDirectoryFile:SampleFolder at address 699
Info in <TFile::Recover>: /scratch/abipeake/March2026/Easter_finerxsecbinning_sat11ththapril_robbinsmonroemore_postadaptive/Easter_finerxsecbinning_sat11ththapril_robbinsmonroemore_postadaptive_chain_0_job_0.root, recovered key TDirectoryFile:MaCh3Engine at address 74613
Info in <TFile::Recover>: /scratch/abipeake/March2026/Easter_finerxsecbinning_sat11ththapril_robbinsmonroemore_postadaptive/Easter_finerxsecbinning_sat11ththapril_robbinsmonroemore_postadaptive_chain_0_job_0.root, recovered key TMacro:MaCh3_Config at address 77016
Info in <TFile::Recover>: /scratch/abipeake/March2026/Easter_finerxsecbinning_sat11ththapril_robbinsmonroemore_postadaptive/Easter_finerxsecbinning_sat11ththapril_robbinsmonroemore_postadaptive_chain_0_job_0.root, recovered key TTree:Settings at address 78305
Info in <TFile::Recover>: /scratch/abipeake/March2026/Easter_finerxsecbinning_sat11ththapril_robbinsmonroemore_postadaptive/Easter_finerxsecbinning_sat11ththapril_robbinsmonroemore_postadaptive_chain_0_job_0.root, recovered key TTree:posteriors at address 110085247
Warning in <TFile::Init>: successfully recovered 6 keys
